******************************************************************************
                  TI ARM Linker PC v20.2.7                     
******************************************************************************
>> Linked Wed Feb 28 17:22:10 2024

OUTPUT FILE NAME:   <Yoshi_LineFollower.out>
ENTRY POINT SYMBOL: "_c_int00_noargs"  address: 00000aad


MEMORY CONFIGURATION

         name            origin    length      used     unused   attr    fill
----------------------  --------  ---------  --------  --------  ----  --------
  MAIN                  00000000   00040000  00000b7c  0003f484  R  X
  INFO                  00200000   00004000  00000000  00004000  R  X
  SRAM_CODE             01000000   00010000  0000021e  0000fde2  RW X
  SRAM_DATA             20000000   00010000  0000021e  0000fde2  RW  


SEGMENT ALLOCATION MAP

run origin  load origin   length   init length attrs members
----------  ----------- ---------- ----------- ----- -------
00000000    00000000    00000b80   00000b80    r-x
  00000000    00000000    000000e4   000000e4    r-- .intvecs
  000000e4    000000e4    00000a60   00000a60    r-x .text
  00000b48    00000b48    00000038   00000038    r-- .cinit
20000000    20000000    0000001e   00000000    rw-
  20000000    20000000    0000001c   00000000    rw- .data
  2000001c    2000001c    00000002   00000000    rw- .bss
2000fe00    2000fe00    00000200   00000000    rw-
  2000fe00    2000fe00    00000200   00000000    rw- .stack


SECTION ALLOCATION MAP

 output                                  attributes/
section   page    origin      length       input sections
--------  ----  ----------  ----------   ----------------
.intvecs   0    00000000    000000e4     
                  00000000    000000e4     startup_msp432p401r_ccs.obj (.intvecs:retain)

.text      0    000000e4    00000a60     
                  000000e4    0000032c     system_msp432p401r.obj (.text)
                  00000410    00000288     Motor.obj (.text)
                  00000698    000001e0     Clock.obj (.text)
                  00000878    000000b4     SysTickInts.obj (.text)
                  0000092c    0000009c     rtsv7M4_T_le_v4SPD16_eabi.lib : memcpy_t2.asm.obj (.text)
                  000009c8    00000068                                   : copy_decompress_lzss.c.obj (.text:decompress:lzss:__TI_decompress_lzss)
                  00000a30    00000044                                   : autoinit.c.obj (.text:__TI_auto_init_nobinit_nopinit:__TI_auto_init_nobinit_nopinit)
                  00000a74    00000038     FSM_Main.obj (.text)
                  00000aac    00000034     rtsv7M4_T_le_v4SPD16_eabi.lib : boot_cortex_m.c.obj (.text:_c_int00_noargs:_c_int00_noargs)
                  00000ae0    00000024     CortexM.obj (.text)
                  00000b04    0000001c     rtsv7M4_T_le_v4SPD16_eabi.lib : copy_zero_init.c.obj (.text:decompress:ZI:__TI_zero_init_nomemset:__TI_zero_init_nomemset)
                  00000b20    0000000e                                   : copy_decompress_none.c.obj (.text:decompress:none:__TI_decompress_none)
                  00000b2e    0000000e     startup_msp432p401r_ccs.obj (.text)
                  00000b3c    00000004     rtsv7M4_T_le_v4SPD16_eabi.lib : pre_init.c.obj (.text:_system_pre_init)
                  00000b40    00000004                                   : exit.c.obj (.text:abort:abort)

.cinit     0    00000b48    00000038     
                  00000b48    0000000d     (.cinit..data.load) [load image, compression = lzss]
                  00000b55    00000003     --HOLE-- [fill = 0]
                  00000b58    0000000c     (__TI_handler_table)
                  00000b64    00000004     --HOLE-- [fill = 0]
                  00000b68    00000008     (.cinit..bss.load) [load image, compression = zero_init]
                  00000b70    00000010     (__TI_cinit_table)

.init_array 
*          0    00000000    00000000     UNINITIALIZED

.binit     0    00000000    00000000     

.data      0    20000000    0000001c     UNINITIALIZED
                  20000000    00000018     Clock.obj (.data)
                  20000018    00000004     system_msp432p401r.obj (.data)

.bss       0    2000001c    00000002     UNINITIALIZED
                  2000001c    00000001     (.common:CollisionData)
                  2000001d    00000001     (.common:CollisionFlag)

.stack     0    2000fe00    00000200     UNINITIALIZED
                  2000fe00    00000004     rtsv7M4_T_le_v4SPD16_eabi.lib : boot_cortex_m.c.obj (.stack)
                  2000fe04    000001fc     --HOLE--

__llvm_prf_cnts 
*          0    20000000    00000000     UNINITIALIZED

MODULE SUMMARY

       Module                        code   ro data   rw data
       ------                        ----   -------   -------
    .\
       system_msp432p401r.obj        812    0         8      
       Motor.obj                     648    0         0      
       Clock.obj                     480    0         48     
       startup_msp432p401r_ccs.obj   14     228       0      
       SysTickInts.obj               180    0         0      
       FSM_Main.obj                  56     0         4      
       CortexM.obj                   36     0         0      
    +--+-----------------------------+------+---------+---------+
       Total:                        2226   228       60     
                                                             
    C:\ti\ccs1260\ccs\tools\compiler\ti-cgt-arm_20.2.7.LTS\lib\rtsv7M4_T_le_v4SPD16_eabi.lib
       memcpy_t2.asm.obj             156    0         0      
       copy_decompress_lzss.c.obj    104    0         0      
       autoinit.c.obj                68     0         0      
       boot_cortex_m.c.obj           52     0         0      
       copy_zero_init.c.obj          28     0         0      
       copy_decompress_none.c.obj    14     0         0      
       exit.c.obj                    4      0         0      
       pre_init.c.obj                4      0         0      
    +--+-----------------------------+------+---------+---------+
       Total:                        430    0         0      
                                                             
       Stack:                        0      0         1024   
       Linker Generated:             0      49        0      
    +--+-----------------------------+------+---------+---------+
       Grand Total:                  2656   277       1084   


LINKER GENERATED COPY TABLES

__TI_cinit_table @ 00000b70 records: 2, size/record: 8, table size: 16
	.data: load addr=00000b48, load size=0000000d bytes, run addr=20000000, run size=0000001c bytes, compression=lzss
	.bss: load addr=00000b68, load size=00000008 bytes, run addr=2000001c, run size=00000002 bytes, compression=zero_init


LINKER GENERATED HANDLER TABLE

__TI_handler_table @ 00000b58 records: 3, size/record: 4, table size: 12
	index: 0, handler: __TI_decompress_lzss
	index: 1, handler: __TI_decompress_none
	index: 2, handler: __TI_zero_init


GLOBAL SYMBOLS: SORTED ALPHABETICALLY BY Name 

address   name                          
-------   ----                          
00000b3b  ADC14_IRQHandler              
00000b3b  AES256_IRQHandler             
00000b3b  BusFault_Handler              
00000b41  C$$EXIT                       
00000b3b  COMP_E0_IRQHandler            
00000b3b  COMP_E1_IRQHandler            
20000008  CPMwait                       
00000b3b  CS_IRQHandler                 
20000000  ClockFrequency                
000007ed  Clock_Delay1ms                
000007c3  Clock_Delay1us                
000007af  Clock_GetFreq                 
00000699  Clock_Init48MHz               
2000001c  CollisionData                 
2000001d  CollisionFlag                 
20000014  Crystalstable                 
00000b3b  DMA_ERR_IRQHandler            
00000b3b  DMA_INT0_IRQHandler           
00000b3b  DMA_INT1_IRQHandler           
00000b3b  DMA_INT2_IRQHandler           
00000b3b  DMA_INT3_IRQHandler           
00000b3b  DebugMon_Handler              
00000b3b  Default_Handler               
00000ae1  DisableInterrupts             
00000b3b  EUSCIA0_IRQHandler            
00000b3b  EUSCIA1_IRQHandler            
00000b3b  EUSCIA2_IRQHandler            
00000b3b  EUSCIA3_IRQHandler            
00000b3b  EUSCIB0_IRQHandler            
00000b3b  EUSCIB1_IRQHandler            
00000b3b  EUSCIB2_IRQHandler            
00000b3b  EUSCIB3_IRQHandler            
00000ae7  EnableInterrupts              
00000af7  EndCritical                   
00000b3b  FLCTL_IRQHandler              
00000b3b  FPU_IRQHandler                
00000a75  HandleCollision               
00000b3b  HardFault_Handler             
20000010  IFlags                        
00000b3b  MemManage_Handler             
000005f5  Motor_Backward                
000004b5  Motor_Forward                 
00000411  Motor_Init                    
00000587  Motor_Left                    
00000519  Motor_Right                   
00000495  Motor_Stop                    
00000b3b  NMI_Handler                   
00000b3b  PCM_IRQHandler                
00000b3b  PORT1_IRQHandler              
00000b3b  PORT2_IRQHandler              
00000b3b  PORT3_IRQHandler              
00000b3b  PORT4_IRQHandler              
00000b3b  PORT5_IRQHandler              
00000b3b  PORT6_IRQHandler              
00000b3b  PSS_IRQHandler                
00000b3b  PendSV_Handler                
2000000c  Postwait                      
20000004  Prewait                       
00000b3b  RTC_C_IRQHandler              
00000b2f  Reset_Handler                 
00000b3b  SVC_Handler                   
00000aed  StartCritical                 
00000b3b  SysTick_Handler               
00000879  SysTick_Init                  
000008a7  SysTick_Wait                  
000008cd  SysTick_Wait10ms              
000008f3  SysTick_Wait1us               
20000018  SystemCoreClock               
000000e5  SystemCoreClockUpdate         
00000359  SystemInit                    
00000b3b  T32_INT1_IRQHandler           
00000b3b  T32_INT2_IRQHandler           
00000b3b  T32_INTC_IRQHandler           
00000b3b  TA0_0_IRQHandler              
00000b3b  TA0_N_IRQHandler              
00000b3b  TA1_0_IRQHandler              
00000b3b  TA1_N_IRQHandler              
00000b3b  TA2_0_IRQHandler              
00000b3b  TA2_N_IRQHandler              
00000b3b  TA3_0_IRQHandler              
00000b3b  TA3_N_IRQHandler              
00000b3b  UsageFault_Handler            
4000480c  WDTCTL_SYM                    
00000b3b  WDT_A_IRQHandler              
00000aff  WaitForInterrupt              
20010000  __STACK_END                   
00000200  __STACK_SIZE                  
00000b70  __TI_CINIT_Base               
00000b80  __TI_CINIT_Limit              
00000b58  __TI_Handler_Table_Base       
00000b64  __TI_Handler_Table_Limit      
00000a31  __TI_auto_init_nobinit_nopinit
000009c9  __TI_decompress_lzss          
00000b21  __TI_decompress_none          
ffffffff  __TI_pprof_out_hndl           
ffffffff  __TI_prof_data_size           
ffffffff  __TI_prof_data_start          
00000000  __TI_static_base__            
00000b05  __TI_zero_init_nomemset       
0000092d  __aeabi_memcpy                
0000092d  __aeabi_memcpy4               
0000092d  __aeabi_memcpy8               
ffffffff  __binit__                     
ffffffff  __c_args__                    
UNDEFED   __mpu_init                    
2000fe00  __stack                       
20000000  __start___llvm_prf_cnts       
20000000  __stop___llvm_prf_cnts        
00000aad  _c_int00_noargs               
UNDEFED   _system_post_cinit            
00000b3d  _system_pre_init              
00000b41  abort                         
ffffffff  binit                         
000007b5  delay                         
00000000  interruptVectors              
00000a8f  main                          
0000092d  memcpy                        


GLOBAL SYMBOLS: SORTED BY Symbol Address 

address   name                          
-------   ----                          
00000000  __TI_static_base__            
00000000  interruptVectors              
000000e5  SystemCoreClockUpdate         
00000200  __STACK_SIZE                  
00000359  SystemInit                    
00000411  Motor_Init                    
00000495  Motor_Stop                    
000004b5  Motor_Forward                 
00000519  Motor_Right                   
00000587  Motor_Left                    
000005f5  Motor_Backward                
00000699  Clock_Init48MHz               
000007af  Clock_GetFreq                 
000007b5  delay                         
000007c3  Clock_Delay1us                
000007ed  Clock_Delay1ms                
00000879  SysTick_Init                  
000008a7  SysTick_Wait                  
000008cd  SysTick_Wait10ms              
000008f3  SysTick_Wait1us               
0000092d  __aeabi_memcpy                
0000092d  __aeabi_memcpy4               
0000092d  __aeabi_memcpy8               
0000092d  memcpy                        
000009c9  __TI_decompress_lzss          
00000a31  __TI_auto_init_nobinit_nopinit
00000a75  HandleCollision               
00000a8f  main                          
00000aad  _c_int00_noargs               
00000ae1  DisableInterrupts             
00000ae7  EnableInterrupts              
00000aed  StartCritical                 
00000af7  EndCritical                   
00000aff  WaitForInterrupt              
00000b05  __TI_zero_init_nomemset       
00000b21  __TI_decompress_none          
00000b2f  Reset_Handler                 
00000b3b  ADC14_IRQHandler              
00000b3b  AES256_IRQHandler             
00000b3b  BusFault_Handler              
00000b3b  COMP_E0_IRQHandler            
00000b3b  COMP_E1_IRQHandler            
00000b3b  CS_IRQHandler                 
00000b3b  DMA_ERR_IRQHandler            
00000b3b  DMA_INT0_IRQHandler           
00000b3b  DMA_INT1_IRQHandler           
00000b3b  DMA_INT2_IRQHandler           
00000b3b  DMA_INT3_IRQHandler           
00000b3b  DebugMon_Handler              
00000b3b  Default_Handler               
00000b3b  EUSCIA0_IRQHandler            
00000b3b  EUSCIA1_IRQHandler            
00000b3b  EUSCIA2_IRQHandler            
00000b3b  EUSCIA3_IRQHandler            
00000b3b  EUSCIB0_IRQHandler            
00000b3b  EUSCIB1_IRQHandler            
00000b3b  EUSCIB2_IRQHandler            
00000b3b  EUSCIB3_IRQHandler            
00000b3b  FLCTL_IRQHandler              
00000b3b  FPU_IRQHandler                
00000b3b  HardFault_Handler             
00000b3b  MemManage_Handler             
00000b3b  NMI_Handler                   
00000b3b  PCM_IRQHandler                
00000b3b  PORT1_IRQHandler              
00000b3b  PORT2_IRQHandler              
00000b3b  PORT3_IRQHandler              
00000b3b  PORT4_IRQHandler              
00000b3b  PORT5_IRQHandler              
00000b3b  PORT6_IRQHandler              
00000b3b  PSS_IRQHandler                
00000b3b  PendSV_Handler                
00000b3b  RTC_C_IRQHandler              
00000b3b  SVC_Handler                   
00000b3b  SysTick_Handler               
00000b3b  T32_INT1_IRQHandler           
00000b3b  T32_INT2_IRQHandler           
00000b3b  T32_INTC_IRQHandler           
00000b3b  TA0_0_IRQHandler              
00000b3b  TA0_N_IRQHandler              
00000b3b  TA1_0_IRQHandler              
00000b3b  TA1_N_IRQHandler              
00000b3b  TA2_0_IRQHandler              
00000b3b  TA2_N_IRQHandler              
00000b3b  TA3_0_IRQHandler              
00000b3b  TA3_N_IRQHandler              
00000b3b  UsageFault_Handler            
00000b3b  WDT_A_IRQHandler              
00000b3d  _system_pre_init              
00000b41  C$$EXIT                       
00000b41  abort                         
00000b58  __TI_Handler_Table_Base       
00000b64  __TI_Handler_Table_Limit      
00000b70  __TI_CINIT_Base               
00000b80  __TI_CINIT_Limit              
20000000  ClockFrequency                
20000000  __start___llvm_prf_cnts       
20000000  __stop___llvm_prf_cnts        
20000004  Prewait                       
20000008  CPMwait                       
2000000c  Postwait                      
20000010  IFlags                        
20000014  Crystalstable                 
20000018  SystemCoreClock               
2000001c  CollisionData                 
2000001d  CollisionFlag                 
2000fe00  __stack                       
20010000  __STACK_END                   
4000480c  WDTCTL_SYM                    
ffffffff  __TI_pprof_out_hndl           
ffffffff  __TI_prof_data_size           
ffffffff  __TI_prof_data_start          
ffffffff  __binit__                     
ffffffff  __c_args__                    
ffffffff  binit                         
UNDEFED   __mpu_init                    
UNDEFED   _system_post_cinit            

[117 symbols]
