******************************************************************************
                  TI ARM Linker PC v20.2.7                     
******************************************************************************
>> Linked Thu Mar  7 10:09:32 2024

OUTPUT FILE NAME:   <Yoshi_LineFollower.out>
ENTRY POINT SYMBOL: "_c_int00_noargs"  address: 0000101d


MEMORY CONFIGURATION

         name            origin    length      used     unused   attr    fill
----------------------  --------  ---------  --------  --------  ----  --------
  MAIN                  00000000   00040000  00001224  0003eddc  R  X
  INFO                  00200000   00004000  00000000  00004000  R  X
  SRAM_CODE             01000000   00010000  00000227  0000fdd9  RW X
  SRAM_DATA             20000000   00010000  00000227  0000fdd9  RW  


SEGMENT ALLOCATION MAP

run origin  load origin   length   init length attrs members
----------  ----------- ---------- ----------- ----- -------
00000000    00000000    00001228   00001228    r-x
  00000000    00000000    000000e4   000000e4    r-- .intvecs
  000000e4    000000e4    00000fd0   00000fd0    r-x .text
  000010b4    000010b4    00000138   00000138    r-- .const
  000011f0    000011f0    00000038   00000038    r-- .cinit
20000000    20000000    0000002a   00000000    rw-
  20000000    20000000    0000001d   00000000    rw- .data
  20000020    20000020    0000000a   00000000    rw- .bss
2000fe00    2000fe00    00000200   00000000    rw-
  2000fe00    2000fe00    00000200   00000000    rw- .stack


SECTION ALLOCATION MAP

 output                                  attributes/
section   page    origin      length       input sections
--------  ----  ----------  ----------   ----------------
.intvecs   0    00000000    000000e4     
                  00000000    000000e4     startup_msp432p401r_ccs.obj (.intvecs:retain)

.text      0    000000e4    00000fd0     
                  000000e4    0000032c     system_msp432p401r.obj (.text)
                  00000410    00000248     Reflectance.obj (.text)
                  00000658    000001e0     Clock.obj (.text)
                  00000838    000001a4     Motor.obj (.text)
                  000009dc    0000019c     FSM_Main.obj (.text)
                  00000b78    000000f8     LaunchPad.obj (.text)
                  00000c70    000000ec     PWM.obj (.text)
                  00000d5c    000000c4     BumpInt.obj (.text)
                  00000e20    000000b4     SysTickInts.obj (.text)
                  00000ed4    0000009c     rtsv7M4_T_le_v4SPD16_eabi.lib : memcpy_t2.asm.obj (.text)
                  00000f70    00000068                                   : copy_decompress_lzss.c.obj (.text:decompress:lzss:__TI_decompress_lzss)
                  00000fd8    00000044                                   : autoinit.c.obj (.text:__TI_auto_init_nobinit_nopinit:__TI_auto_init_nobinit_nopinit)
                  0000101c    00000034                                   : boot_cortex_m.c.obj (.text:_c_int00_noargs:_c_int00_noargs)
                  00001050    00000024     CortexM.obj (.text)
                  00001074    0000001c     rtsv7M4_T_le_v4SPD16_eabi.lib : copy_zero_init.c.obj (.text:decompress:ZI:__TI_zero_init_nomemset:__TI_zero_init_nomemset)
                  00001090    0000000e                                   : copy_decompress_none.c.obj (.text:decompress:none:__TI_decompress_none)
                  0000109e    0000000e     startup_msp432p401r_ccs.obj (.text)
                  000010ac    00000004     rtsv7M4_T_le_v4SPD16_eabi.lib : pre_init.c.obj (.text:_system_pre_init)
                  000010b0    00000004                                   : exit.c.obj (.text:abort:abort)

.const     0    000010b4    00000138     
                  000010b4    00000118     FSM_Main.obj (.const:fsm)
                  000011cc    00000020     Reflectance.obj (.const:$P$T0$1)

.cinit     0    000011f0    00000038     
                  000011f0    0000000d     (.cinit..data.load) [load image, compression = lzss]
                  000011fd    00000003     --HOLE-- [fill = 0]
                  00001200    0000000c     (__TI_handler_table)
                  0000120c    00000004     --HOLE-- [fill = 0]
                  00001210    00000008     (.cinit..bss.load) [load image, compression = zero_init]
                  00001218    00000010     (__TI_cinit_table)

.init_array 
*          0    00000000    00000000     UNINITIALIZED

.binit     0    00000000    00000000     

.data      0    20000000    0000001d     UNINITIALIZED
                  20000000    00000018     Clock.obj (.data)
                  20000018    00000004     system_msp432p401r.obj (.data)
                  2000001c    00000001     FSM_Main.obj (.data)

.bss       0    20000020    0000000a     UNINITIALIZED
                  20000020    00000004     (.common:StatePtr)
                  20000024    00000004     (.common:collision_handle)
                  20000028    00000001     (.common:Input)
                  20000029    00000001     (.common:data)

.stack     0    2000fe00    00000200     UNINITIALIZED
                  2000fe00    00000004     rtsv7M4_T_le_v4SPD16_eabi.lib : boot_cortex_m.c.obj (.stack)
                  2000fe04    000001fc     --HOLE--

__llvm_prf_cnts 
*          0    20000000    00000000     UNINITIALIZED

MODULE SUMMARY

       Module                        code   ro data   rw data
       ------                        ----   -------   -------
    .\
       system_msp432p401r.obj        812    0         8      
       FSM_Main.obj                  412    280       14     
       Reflectance.obj               584    32        0      
       Clock.obj                     480    0         48     
       Motor.obj                     420    0         0      
       LaunchPad.obj                 248    0         0      
       startup_msp432p401r_ccs.obj   14     228       0      
       PWM.obj                       236    0         0      
       BumpInt.obj                   196    0         8      
       SysTickInts.obj               180    0         0      
       CortexM.obj                   36     0         0      
    +--+-----------------------------+------+---------+---------+
       Total:                        3618   540       78     
                                                             
    C:\ti\ccs1260\ccs\tools\compiler\ti-cgt-arm_20.2.7.LTS\lib\rtsv7M4_T_le_v4SPD16_eabi.lib
       memcpy_t2.asm.obj             156    0         0      
       copy_decompress_lzss.c.obj    104    0         0      
       autoinit.c.obj                68     0         0      
       boot_cortex_m.c.obj           52     0         0      
       copy_zero_init.c.obj          28     0         0      
       copy_decompress_none.c.obj    14     0         0      
       exit.c.obj                    4      0         0      
       pre_init.c.obj                4      0         0      
    +--+-----------------------------+------+---------+---------+
       Total:                        430    0         0      
                                                             
       Stack:                        0      0         1024   
       Linker Generated:             0      49        0      
    +--+-----------------------------+------+---------+---------+
       Grand Total:                  4048   589       1102   


LINKER GENERATED COPY TABLES

__TI_cinit_table @ 00001218 records: 2, size/record: 8, table size: 16
	.data: load addr=000011f0, load size=0000000d bytes, run addr=20000000, run size=0000001d bytes, compression=lzss
	.bss: load addr=00001210, load size=00000008 bytes, run addr=20000020, run size=0000000a bytes, compression=zero_init


LINKER GENERATED HANDLER TABLE

__TI_handler_table @ 00001200 records: 3, size/record: 4, table size: 12
	index: 0, handler: __TI_decompress_lzss
	index: 1, handler: __TI_decompress_none
	index: 2, handler: __TI_zero_init


GLOBAL SYMBOLS: SORTED ALPHABETICALLY BY Name 

address   name                          
-------   ----                          
000010ab  ADC14_IRQHandler              
000010ab  AES256_IRQHandler             
00000d5d  BumpInt_Init                  
00000dd3  Bump_Read                     
000010ab  BusFault_Handler              
000010b1  C$$EXIT                       
000010ab  COMP_E0_IRQHandler            
000010ab  COMP_E1_IRQHandler            
20000008  CPMwait                       
000010ab  CS_IRQHandler                 
20000000  ClockFrequency                
000007ad  Clock_Delay1ms                
00000783  Clock_Delay1us                
0000076f  Clock_GetFreq                 
00000659  Clock_Init48MHz               
20000014  Crystalstable                 
000010ab  DMA_ERR_IRQHandler            
000010ab  DMA_INT0_IRQHandler           
000010ab  DMA_INT1_IRQHandler           
000010ab  DMA_INT2_IRQHandler           
000010ab  DMA_INT3_IRQHandler           
000010ab  DebugMon_Handler              
000010ab  Default_Handler               
00001051  DisableInterrupts             
000010ab  EUSCIA0_IRQHandler            
000010ab  EUSCIA1_IRQHandler            
000010ab  EUSCIA2_IRQHandler            
000010ab  EUSCIA3_IRQHandler            
000010ab  EUSCIB0_IRQHandler            
000010ab  EUSCIB1_IRQHandler            
000010ab  EUSCIB2_IRQHandler            
000010ab  EUSCIB3_IRQHandler            
00001057  EnableInterrupts              
00001067  EndCritical                   
000010ab  FLCTL_IRQHandler              
000010ab  FPU_IRQHandler                
000010ab  HardFault_Handler             
20000010  IFlags                        
20000028  Input                         
00000b79  LaunchPad_Init                
00000be9  LaunchPad_Input               
00000c07  LaunchPad_LED                 
00000c25  LaunchPad_Output              
000010ab  MemManage_Handler             
0000097b  Motor_Backward                
000008d7  Motor_Forward                 
00000839  Motor_Init                    
00000941  Motor_Left                    
00000907  Motor_Right                   
000008c1  Motor_Stop                    
000010ab  NMI_Handler                   
000010ab  PCM_IRQHandler                
000010ab  PORT1_IRQHandler              
000010ab  PORT2_IRQHandler              
000010ab  PORT3_IRQHandler              
00000de1  PORT4_IRQHandler              
00000de1  PORT4_IRQHandler              
000010ab  PORT5_IRQHandler              
000010ab  PORT6_IRQHandler              
000010ab  PSS_IRQHandler                
00000cf5  PWM_Duty1                     
00000d15  PWM_Duty2                     
00000c71  PWM_Init12                    
000010ab  PendSV_Handler                
2000000c  Postwait                      
20000004  Prewait                       
000010ab  RTC_C_IRQHandler              
0000060b  Reflectance_End               
00000411  Reflectance_Init              
000004f5  Reflectance_Position          
0000048b  Reflectance_Read              
000005db  Reflectance_Start             
0000109f  Reset_Handler                 
000010ab  SVC_Handler                   
0000105d  StartCritical                 
20000020  StatePtr                      
00000aef  SysTick_Handler               
00000aef  SysTick_Handler               
00000e21  SysTick_Init                  
00000e4f  SysTick_Wait                  
00000e75  SysTick_Wait10ms              
00000e9b  SysTick_Wait1us               
20000018  SystemCoreClock               
000000e5  SystemCoreClockUpdate         
00000359  SystemInit                    
000010ab  T32_INT1_IRQHandler           
000010ab  T32_INT2_IRQHandler           
000010ab  T32_INTC_IRQHandler           
000010ab  TA0_0_IRQHandler              
000010ab  TA0_N_IRQHandler              
000010ab  TA1_0_IRQHandler              
000010ab  TA1_N_IRQHandler              
000010ab  TA2_0_IRQHandler              
000010ab  TA2_N_IRQHandler              
000010ab  TA3_0_IRQHandler              
000010ab  TA3_N_IRQHandler              
000010ab  UsageFault_Handler            
4000480c  WDTCTL_SYM                    
000010ab  WDT_A_IRQHandler              
0000106f  WaitForInterrupt              
20010000  __STACK_END                   
00000200  __STACK_SIZE                  
00001218  __TI_CINIT_Base               
00001228  __TI_CINIT_Limit              
00001200  __TI_Handler_Table_Base       
0000120c  __TI_Handler_Table_Limit      
00000fd9  __TI_auto_init_nobinit_nopinit
00000f71  __TI_decompress_lzss          
00001091  __TI_decompress_none          
ffffffff  __TI_pprof_out_hndl           
ffffffff  __TI_prof_data_size           
ffffffff  __TI_prof_data_start          
00000000  __TI_static_base__            
00001075  __TI_zero_init_nomemset       
00000ed5  __aeabi_memcpy                
00000ed5  __aeabi_memcpy4               
00000ed5  __aeabi_memcpy8               
ffffffff  __binit__                     
ffffffff  __c_args__                    
UNDEFED   __mpu_init                    
2000fe00  __stack                       
20000000  __start___llvm_prf_cnts       
20000000  __stop___llvm_prf_cnts        
0000101d  _c_int00_noargs               
UNDEFED   _system_post_cinit            
000010ad  _system_pre_init              
000010b1  abort                         
ffffffff  binit                         
00000b53  collision                     
20000024  collision_handle              
20000029  data                          
00000775  delay                         
000010b4  fsm                           
00000000  interruptVectors              
000009dd  main                          
00000ed5  memcpy                        
00000a0f  motorState                    


GLOBAL SYMBOLS: SORTED BY Symbol Address 

address   name                          
-------   ----                          
00000000  __TI_static_base__            
00000000  interruptVectors              
000000e5  SystemCoreClockUpdate         
00000200  __STACK_SIZE                  
00000359  SystemInit                    
00000411  Reflectance_Init              
0000048b  Reflectance_Read              
000004f5  Reflectance_Position          
000005db  Reflectance_Start             
0000060b  Reflectance_End               
00000659  Clock_Init48MHz               
0000076f  Clock_GetFreq                 
00000775  delay                         
00000783  Clock_Delay1us                
000007ad  Clock_Delay1ms                
00000839  Motor_Init                    
000008c1  Motor_Stop                    
000008d7  Motor_Forward                 
00000907  Motor_Right                   
00000941  Motor_Left                    
0000097b  Motor_Backward                
000009dd  main                          
00000a0f  motorState                    
00000aef  SysTick_Handler               
00000aef  SysTick_Handler               
00000b53  collision                     
00000b79  LaunchPad_Init                
00000be9  LaunchPad_Input               
00000c07  LaunchPad_LED                 
00000c25  LaunchPad_Output              
00000c71  PWM_Init12                    
00000cf5  PWM_Duty1                     
00000d15  PWM_Duty2                     
00000d5d  BumpInt_Init                  
00000dd3  Bump_Read                     
00000de1  PORT4_IRQHandler              
00000de1  PORT4_IRQHandler              
00000e21  SysTick_Init                  
00000e4f  SysTick_Wait                  
00000e75  SysTick_Wait10ms              
00000e9b  SysTick_Wait1us               
00000ed5  __aeabi_memcpy                
00000ed5  __aeabi_memcpy4               
00000ed5  __aeabi_memcpy8               
00000ed5  memcpy                        
00000f71  __TI_decompress_lzss          
00000fd9  __TI_auto_init_nobinit_nopinit
0000101d  _c_int00_noargs               
00001051  DisableInterrupts             
00001057  EnableInterrupts              
0000105d  StartCritical                 
00001067  EndCritical                   
0000106f  WaitForInterrupt              
00001075  __TI_zero_init_nomemset       
00001091  __TI_decompress_none          
0000109f  Reset_Handler                 
000010ab  ADC14_IRQHandler              
000010ab  AES256_IRQHandler             
000010ab  BusFault_Handler              
000010ab  COMP_E0_IRQHandler            
000010ab  COMP_E1_IRQHandler            
000010ab  CS_IRQHandler                 
000010ab  DMA_ERR_IRQHandler            
000010ab  DMA_INT0_IRQHandler           
000010ab  DMA_INT1_IRQHandler           
000010ab  DMA_INT2_IRQHandler           
000010ab  DMA_INT3_IRQHandler           
000010ab  DebugMon_Handler              
000010ab  Default_Handler               
000010ab  EUSCIA0_IRQHandler            
000010ab  EUSCIA1_IRQHandler            
000010ab  EUSCIA2_IRQHandler            
000010ab  EUSCIA3_IRQHandler            
000010ab  EUSCIB0_IRQHandler            
000010ab  EUSCIB1_IRQHandler            
000010ab  EUSCIB2_IRQHandler            
000010ab  EUSCIB3_IRQHandler            
000010ab  FLCTL_IRQHandler              
000010ab  FPU_IRQHandler                
000010ab  HardFault_Handler             
000010ab  MemManage_Handler             
000010ab  NMI_Handler                   
000010ab  PCM_IRQHandler                
000010ab  PORT1_IRQHandler              
000010ab  PORT2_IRQHandler              
000010ab  PORT3_IRQHandler              
000010ab  PORT5_IRQHandler              
000010ab  PORT6_IRQHandler              
000010ab  PSS_IRQHandler                
000010ab  PendSV_Handler                
000010ab  RTC_C_IRQHandler              
000010ab  SVC_Handler                   
000010ab  T32_INT1_IRQHandler           
000010ab  T32_INT2_IRQHandler           
000010ab  T32_INTC_IRQHandler           
000010ab  TA0_0_IRQHandler              
000010ab  TA0_N_IRQHandler              
000010ab  TA1_0_IRQHandler              
000010ab  TA1_N_IRQHandler              
000010ab  TA2_0_IRQHandler              
000010ab  TA2_N_IRQHandler              
000010ab  TA3_0_IRQHandler              
000010ab  TA3_N_IRQHandler              
000010ab  UsageFault_Handler            
000010ab  WDT_A_IRQHandler              
000010ad  _system_pre_init              
000010b1  C$$EXIT                       
000010b1  abort                         
000010b4  fsm                           
00001200  __TI_Handler_Table_Base       
0000120c  __TI_Handler_Table_Limit      
00001218  __TI_CINIT_Base               
00001228  __TI_CINIT_Limit              
20000000  ClockFrequency                
20000000  __start___llvm_prf_cnts       
20000000  __stop___llvm_prf_cnts        
20000004  Prewait                       
20000008  CPMwait                       
2000000c  Postwait                      
20000010  IFlags                        
20000014  Crystalstable                 
20000018  SystemCoreClock               
20000020  StatePtr                      
20000024  collision_handle              
20000028  Input                         
20000029  data                          
2000fe00  __stack                       
20010000  __STACK_END                   
4000480c  WDTCTL_SYM                    
ffffffff  __TI_pprof_out_hndl           
ffffffff  __TI_prof_data_size           
ffffffff  __TI_prof_data_start          
ffffffff  __binit__                     
ffffffff  __c_args__                    
ffffffff  binit                         
UNDEFED   __mpu_init                    
UNDEFED   _system_post_cinit            

[137 symbols]
